 finalProjectPro

 Timestamp is 63a711eb (Sat Dec 24 22:51:23 2022)

 Preferred load address is 00400000

 Start         Length     Name                   Class
 0001:00000000 00002750H .text                   CODE
 0001:00002750 0000513aH .text$mn                CODE
 0002:00000000 00000144H .rdata                  DATA
 0002:00000143 00000000H .edata                  DATA
 0002:00000144 00000194H .rdata$zzzdbg           DATA
 0003:00000000 000022c0H .data                   DATA
 0003:000022c0 000002f2H .bss                    DATA
 0004:00000000 000000e4H .idata$5                DATA
 0004:000000e4 00000028H .idata$2                DATA
 0004:0000010c 00000014H .idata$3                DATA
 0004:00000120 000000e4H .idata$4                DATA
 0004:00000204 00000391H .idata$6                DATA
 0005:00000000 00000170H .rsrc$01                DATA
 0005:00000170 000002ccH .rsrc$02                DATA

  Address         Publics by Value              Rva+Base       Lib:Object

 0000:00000000       ___AbsoluteZero            00000000     <absolute>
 0000:00000000       ___arm64x_extra_rfe_table  00000000     <absolute>
 0000:00000000       ___arm64x_extra_rfe_table_size 00000000     <absolute>
 0000:00000000       ___arm64x_native_entrypoint 00000000     <absolute>
 0000:00000000       ___arm64x_redirection_metadata 00000000     <absolute>
 0000:00000000       ___arm64x_redirection_metadata_count 00000000     <absolute>
 0000:00000000       ___dynamic_value_reloc_table 00000000     <absolute>
 0000:00000000       ___enclave_config          00000000     <absolute>
 0000:00000000       ___guard_check_icall_a64n_fptr 00000000     <absolute>
 0000:00000000       ___guard_eh_cont_count     00000000     <absolute>
 0000:00000000       ___guard_eh_cont_table     00000000     <absolute>
 0000:00000000       ___guard_fids_count        00000000     <absolute>
 0000:00000000       ___guard_fids_table        00000000     <absolute>
 0000:00000000       ___guard_flags             00000000     <absolute>
 0000:00000000       ___guard_iat_count         00000000     <absolute>
 0000:00000000       ___guard_iat_table         00000000     <absolute>
 0000:00000000       ___guard_longjmp_count     00000000     <absolute>
 0000:00000000       ___guard_longjmp_table     00000000     <absolute>
 0000:00000000       ___hybrid_auxiliary_iat    00000000     <absolute>
 0000:00000000       ___hybrid_auxiliary_iat_copy 00000000     <absolute>
 0000:00000000       ___hybrid_code_map         00000000     <absolute>
 0000:00000000       ___hybrid_code_map_count   00000000     <absolute>
 0000:00000000       ___safe_se_handler_count   00000000     <absolute>
 0000:00000000       ___safe_se_handler_table   00000000     <absolute>
 0000:00000000       ___volatile_metadata       00000000     <absolute>
 0000:00000000       ___x64_code_ranges_to_entry_points 00000000     <absolute>
 0000:00000000       ___x64_code_ranges_to_entry_points_count 00000000     <absolute>
 0001:000002d0       _CloseFile@0               004012d0 f   Irvine32:Irvine32.obj
 0001:000002d7       _Clrscr@0                  004012d7 f   Irvine32:Irvine32.obj
 0001:0000039c       _CreateOutputFile@0        0040139c f   Irvine32:Irvine32.obj
 0001:000003b5       _Crlf@0                    004013b5 f   Irvine32:Irvine32.obj
 0001:000003d0       _Delay@0                   004013d0 f   Irvine32:Irvine32.obj
 0001:000003d9       _DumpMem@0                 004013d9 f   Irvine32:Irvine32.obj
 0001:00000494       _DumpRegs@0                00401494 f   Irvine32:Irvine32.obj
 0001:0000068f       _GetCommandTail@0          0040168f f   Irvine32:Irvine32.obj
 0001:000006cc       _GetDateTime@4             004016cc f   Irvine32:Irvine32.obj
 0001:000006fe       _GetMaxXY@0                004016fe f   Irvine32:Irvine32.obj
 0001:0000072d       _GetMseconds@0             0040172d f   Irvine32:Irvine32.obj
 0001:0000078a       _GetTextColor@0            0040178a f   Irvine32:Irvine32.obj
 0001:000007b5       _Gotoxy@0                  004017b5 f   Irvine32:Irvine32.obj
 0001:0000080d       _IsDigit@0                 0040180d f   Irvine32:Irvine32.obj
 0001:0000081a       _MsgBox@0                  0040181a f   Irvine32:Irvine32.obj
 0001:00000831       _MsgBoxAsk@0               00401831 f   Irvine32:Irvine32.obj
 0001:00000850       _OpenInputFile@0           00401850 f   Irvine32:Irvine32.obj
 0001:00000869       _ParseDecimal32@0          00401869 f   Irvine32:Irvine32.obj
 0001:000008cb       _ParseInteger32@0          004018cb f   Irvine32:Irvine32.obj
 0001:00000986       _Random32@0                00401986 f   Irvine32:Irvine32.obj
 0001:000009a1       _RandomRange@0             004019a1 f   Irvine32:Irvine32.obj
 0001:000009b6       _Randomize@0               004019b6 f   Irvine32:Irvine32.obj
 0001:000009cf       _ReadChar@0                004019cf f   Irvine32:Irvine32.obj
 0001:000009e5       _ReadDec@0                 004019e5 f   Irvine32:Irvine32.obj
 0001:00000a00       _ReadFromFile@0            00401a00 f   Irvine32:Irvine32.obj
 0001:00000a23       _ReadHex@0                 00401a23 f   Irvine32:Irvine32.obj
 0001:00000aa4       _ReadInt@0                 00401aa4 f   Irvine32:Irvine32.obj
 0001:00000abf       _ReadKey@0                 00401abf f   Irvine32:Irvine32.obj
 0001:00000bda       _ReadKeyFlush@0            00401bda f   Irvine32:Irvine32.obj
 0001:00000ca8       _ReadString@0              00401ca8 f   Irvine32:Irvine32.obj
 0001:00000d61       _SetTextColor@0            00401d61 f   Irvine32:Irvine32.obj
 0001:00000d82       _StrLength@0               00401d82 f   Irvine32:Irvine32.obj
 0001:00000d93       _Str_compare@8             00401d93 f   Irvine32:Irvine32.obj
 0001:00000dbd       _Str_copy@8                00401dbd f   Irvine32:Irvine32.obj
 0001:00000de0       _Str_length@4              00401de0 f   Irvine32:Irvine32.obj
 0001:00000dfa       _Str_trim@8                00401dfa f   Irvine32:Irvine32.obj
 0001:00000e28       _Str_ucase@4               00401e28 f   Irvine32:Irvine32.obj
 0001:00000e4a       _WaitMsg@0                 00401e4a f   Irvine32:Irvine32.obj
 0001:00000e5c       _WriteBin@0                00401e5c f   Irvine32:Irvine32.obj
 0001:00000e69       _WriteBinB@0               00401e69 f   Irvine32:Irvine32.obj
 0001:00000ebc       _WriteChar@0               00401ebc f   Irvine32:Irvine32.obj
 0001:00000eee       _WriteDec@0                00401eee f   Irvine32:Irvine32.obj
 0001:00000f2f       _WriteHex@0                00401f2f f   Irvine32:Irvine32.obj
 0001:00000f3c       _WriteHexB@0               00401f3c f   Irvine32:Irvine32.obj
 0001:00000fce       _WriteInt@0                00401fce f   Irvine32:Irvine32.obj
 0001:0000102f       _WriteStackFrameName@16    0040202f f   Irvine32:Irvine32.obj
 0001:000011af       _WriteStackFrame@12        004021af f   Irvine32:Irvine32.obj
 0001:000011c9       _WriteString@0             004021c9 f   Irvine32:Irvine32.obj
 0001:000011f5       _WriteToFile@0             004021f5 f   Irvine32:Irvine32.obj
 0001:0000120a       _WriteWindowsMsg@0         0040220a f   Irvine32:Irvine32.obj
 0001:00002750       _main@0                    00403750 f   main.obj
 0001:00004568       _printStartScene@0         00405568 f   main.obj
 0001:00004bcb       _printGameStage@0          00405bcb f   main.obj
 0001:00004d51       _printEndScene@0           00405d51 f   main.obj
 0001:00005596       _printLevel@4              00406596 f   main.obj
 0001:000055d4       _printScore@4              004065d4 f   main.obj
 0001:00005612       _printLives@4              00406612 f   main.obj
 0001:00005650       _printBogys@4              00406650 f   main.obj
 0001:0000568e       _initialLevelBogyPos@0     0040668e f   main.obj
 0001:00005787       _bogyWalking@4             00406787 f   main.obj
 0001:00005866       _bogyClear@4               00406866 f   main.obj
 0001:0000589e       _tankWalking@4             0040689e f   main.obj
 0001:0000590c       _tankClear@4               0040690c f   main.obj
 0001:0000597a       _noWorkWalking@4           0040697a f   main.obj
 0001:000059b7       _noWorkClear@4             004069b7 f   main.obj
 0001:000059da       _printGreenLine@4          004069da f   main.obj
 0001:00005a33       _decStrLevel@4             00406a33 f   main.obj
 0001:00005a59       _decStrScore@4             00406a59 f   main.obj
 0001:00005a7f       _decStrLives@4             00406a7f f   main.obj
 0001:00005aa5       _decStrBogys@4             00406aa5 f   main.obj
 0001:000067a9       _ExitProcess@4             004077a9 f   kernel32:KERNEL32.dll
 0001:000067af       _GetStdHandle@4            004077af f   kernel32:KERNEL32.dll
 0001:000067b5       _SetConsoleCursorInfo@8    004077b5 f   kernel32:KERNEL32.dll
 0001:000067bb       _SetConsoleTitleA@4        004077bb f   kernel32:KERNEL32.dll
 0001:000067c1       _SetConsoleWindowInfo@12   004077c1 f   kernel32:KERNEL32.dll
 0001:000067c7       _WriteConsoleOutputCharacterA@20 004077c7 f   kernel32:KERNEL32.dll
 0001:000067cd       _WriteConsoleOutputAttribute@20 004077cd f   kernel32:KERNEL32.dll
 0001:000067d3       _CloseHandle@4             004077d3 f   kernel32:KERNEL32.dll
 0001:000067d9       _CreateFileA@28            004077d9 f   kernel32:KERNEL32.dll
 0001:000067df       _FormatMessageA@28         004077df f   kernel32:KERNEL32.dll
 0001:000067e5       _FlushConsoleInputBuffer@4 004077e5 f   kernel32:KERNEL32.dll
 0001:000067eb       _GetCommandLineA@0         004077eb f   kernel32:KERNEL32.dll
 0001:000067f1       _GetConsoleMode@8          004077f1 f   kernel32:KERNEL32.dll
 0001:000067f7       _GetConsoleScreenBufferInfo@8 004077f7 f   kernel32:KERNEL32.dll
 0001:000067fd       _GetLastError@0            004077fd f   kernel32:KERNEL32.dll
 0001:00006803       _GetLocalTime@4            00407803 f   kernel32:KERNEL32.dll
 0001:00006809       _GetSystemTime@4           00407809 f   kernel32:KERNEL32.dll
 0001:0000680f       _LocalFree@4               0040780f f   kernel32:KERNEL32.dll
 0001:00006815       _PeekConsoleInputA@16      00407815 f   kernel32:KERNEL32.dll
 0001:0000681b       _ReadConsoleA@20           0040781b f   kernel32:KERNEL32.dll
 0001:00006821       _ReadConsoleInputA@16      00407821 f   kernel32:KERNEL32.dll
 0001:00006827       _ReadFile@20               00407827 f   kernel32:KERNEL32.dll
 0001:0000682d       _SetConsoleCursorPosition@8 0040782d f   kernel32:KERNEL32.dll
 0001:00006833       _SetConsoleMode@8          00407833 f   kernel32:KERNEL32.dll
 0001:00006839       _SetConsoleTextAttribute@8 00407839 f   kernel32:KERNEL32.dll
 0001:0000683f       _Sleep@4                   0040783f f   kernel32:KERNEL32.dll
 0001:00006845       _SystemTimeToFileTime@8    00407845 f   kernel32:KERNEL32.dll
 0001:0000684b       _WriteConsoleA@20          0040784b f   kernel32:KERNEL32.dll
 0001:00006851       _WriteFile@20              00407851 f   kernel32:KERNEL32.dll
 0001:00006857       _MessageBoxA@16            00407857 f   user32:USER32.dll
 0004:00000000       __imp__ExitProcess@4       0040d000     kernel32:KERNEL32.dll
 0004:00000004       __imp__GetStdHandle@4      0040d004     kernel32:KERNEL32.dll
 0004:00000008       __imp__SetConsoleCursorInfo@8 0040d008     kernel32:KERNEL32.dll
 0004:0000000c       __imp__SetConsoleTitleA@4  0040d00c     kernel32:KERNEL32.dll
 0004:00000010       __imp__SetConsoleWindowInfo@12 0040d010     kernel32:KERNEL32.dll
 0004:00000014       __imp__WriteConsoleOutputCharacterA@20 0040d014     kernel32:KERNEL32.dll
 0004:00000018       __imp__WriteConsoleOutputAttribute@20 0040d018     kernel32:KERNEL32.dll
 0004:0000001c       __imp__CloseHandle@4       0040d01c     kernel32:KERNEL32.dll
 0004:00000020       __imp__CreateFileA@28      0040d020     kernel32:KERNEL32.dll
 0004:00000024       __imp__FormatMessageA@28   0040d024     kernel32:KERNEL32.dll
 0004:00000028       __imp__FlushConsoleInputBuffer@4 0040d028     kernel32:KERNEL32.dll
 0004:0000002c       __imp__GetCommandLineA@0   0040d02c     kernel32:KERNEL32.dll
 0004:00000030       __imp__GetConsoleMode@8    0040d030     kernel32:KERNEL32.dll
 0004:00000034       __imp__GetConsoleScreenBufferInfo@8 0040d034     kernel32:KERNEL32.dll
 0004:00000038       __imp__GetLastError@0      0040d038     kernel32:KERNEL32.dll
 0004:0000003c       __imp__GetLocalTime@4      0040d03c     kernel32:KERNEL32.dll
 0004:00000040       __imp__GetSystemTime@4     0040d040     kernel32:KERNEL32.dll
 0004:00000044       __imp__LocalFree@4         0040d044     kernel32:KERNEL32.dll
 0004:00000048       __imp__PeekConsoleInputA@16 0040d048     kernel32:KERNEL32.dll
 0004:0000004c       __imp__ReadConsoleA@20     0040d04c     kernel32:KERNEL32.dll
 0004:00000050       __imp__ReadConsoleInputA@16 0040d050     kernel32:KERNEL32.dll
 0004:00000054       __imp__ReadFile@20         0040d054     kernel32:KERNEL32.dll
 0004:00000058       __imp__SetConsoleCursorPosition@8 0040d058     kernel32:KERNEL32.dll
 0004:0000005c       __imp__SetConsoleMode@8    0040d05c     kernel32:KERNEL32.dll
 0004:00000060       __imp__SetConsoleTextAttribute@8 0040d060     kernel32:KERNEL32.dll
 0004:00000064       __imp__Sleep@4             0040d064     kernel32:KERNEL32.dll
 0004:00000068       __imp__SystemTimeToFileTime@8 0040d068     kernel32:KERNEL32.dll
 0004:0000006c       __imp__WriteConsoleA@20    0040d06c     kernel32:KERNEL32.dll
 0004:00000070       __imp__WriteFile@20        0040d070     kernel32:KERNEL32.dll
 0004:00000074       \177KERNEL32_NULL_THUNK_DATA 0040d074     kernel32:KERNEL32.dll
 0004:000000b4       __imp__MessageBoxA@16      0040d0b4     user32:USER32.dll
 0004:000000b8       \177USER32_NULL_THUNK_DATA 0040d0b8     user32:USER32.dll
 0004:000000e4       __IMPORT_DESCRIPTOR_KERNEL32 0040d0e4     kernel32:KERNEL32.dll
 0004:000000f8       __IMPORT_DESCRIPTOR_USER32 0040d0f8     user32:USER32.dll
 0004:0000010c       __NULL_IMPORT_DESCRIPTOR   0040d10c     kernel32:KERNEL32.dll

 entry point at        0001:000000f0

 Static symbols

 0000:ffff0000       .debug$S                   00400000     kernel32:KERNEL32.dll
 0000:ffff0000       .debug$S                   00400000     kernel32:KERNEL32.dll
 0000:ffff0000       .debug$S                   00400000     kernel32:KERNEL32.dll
 0000:ffff0000       .debug$S                   00400000     kernel32:KERNEL32.dll
 0000:ffff0000       .debug$S                   00400000     kernel32:KERNEL32.dll
 0000:ffff0000       .debug$S                   00400000     kernel32:KERNEL32.dll
 0000:ffff0000       .debug$S                   00400000     kernel32:KERNEL32.dll
 0000:ffff0000       .debug$S                   00400000     kernel32:KERNEL32.dll
 0000:ffff0000       .debug$S                   00400000     kernel32:KERNEL32.dll
 0000:ffff0000       .debug$S                   00400000     kernel32:KERNEL32.dll
 0000:ffff0000       .debug$S                   00400000     kernel32:KERNEL32.dll
 0000:ffff0000       .debug$S                   00400000     kernel32:KERNEL32.dll
 0000:ffff0000       .debug$S                   00400000     kernel32:KERNEL32.dll
 0000:ffff0000       .debug$S                   00400000     kernel32:KERNEL32.dll
 0000:ffff0000       .debug$S                   00400000     kernel32:KERNEL32.dll
 0000:ffff0000       .debug$S                   00400000     kernel32:KERNEL32.dll
 0000:ffff0000       .debug$S                   00400000     kernel32:KERNEL32.dll
 0000:ffff0000       .debug$S                   00400000     kernel32:KERNEL32.dll
 0000:ffff0000       .debug$S                   00400000     kernel32:KERNEL32.dll
 0000:ffff0000       .debug$S                   00400000     kernel32:KERNEL32.dll
 0000:ffff0000       .debug$S                   00400000     kernel32:KERNEL32.dll
 0000:ffff0000       .debug$S                   00400000     kernel32:KERNEL32.dll
 0000:ffff0000       .debug$S                   00400000     kernel32:KERNEL32.dll
 0000:ffff0000       .debug$S                   00400000     kernel32:KERNEL32.dll
 0000:ffff0000       .debug$S                   00400000     kernel32:KERNEL32.dll
 0000:ffff0000       .debug$S                   00400000     kernel32:KERNEL32.dll
 0000:ffff0000       .debug$S                   00400000     kernel32:KERNEL32.dll
 0000:ffff0000       .debug$S                   00400000     kernel32:KERNEL32.dll
 0000:ffff0000       .debug$S                   00400000     kernel32:KERNEL32.dll
 0000:ffff0000       .debug$S                   00400000     user32:USER32.dll
 0001:000006c4       _scan_for_quote@0          004016c4 f   Irvine32:Irvine32.obj
 0001:000007eb       _Initialize@0              004017eb f   Irvine32:Irvine32.obj
 0001:00000bef       _ReadKeyTranslate@0        00401bef f   Irvine32:Irvine32.obj
 0001:00001265       _AsciiDigit@0              00402265 f   Irvine32:Irvine32.obj
 0001:0000126e       _HexByte@0                 0040226e f   Irvine32:Irvine32.obj
 0001:00002750       $$000000                   00403750     main.obj
 0003:00000000       windowTitleStr             0040a000     main.obj
 0003:00000012       windowBound                0040a012     main.obj
 0003:0000001a       consoleHandle              0040a01a     main.obj
 0003:0000001e       xyPos                      0040a01e     main.obj
 0003:00000022       xyPosTank                  0040a022     main.obj
 0003:00000026       xyPosNoWork0               0040a026     main.obj
 0003:0000002a       xyPosNoWork1               0040a02a     main.obj
 0003:0000002e       xyPosNoWork2               0040a02e     main.obj
 0003:00000032       xyPosNoWork3               0040a032     main.obj
 0003:00000036       xyPosNoWork4               0040a036     main.obj
 0003:0000003a       xyPosNoWork5               0040a03a     main.obj
 0003:0000003e       xyPosNoWork6               0040a03e     main.obj
 0003:00000042       xyPosNoWork7               0040a042     main.obj
 0003:00000046       xyPosNoWork8               0040a046     main.obj
 0003:0000004a       xyPosNoWork9               0040a04a     main.obj
 0003:0000004e       xyPosNoWork10              0040a04e     main.obj
 0003:00000052       xyPosNoWork11              0040a052     main.obj
 0003:00000056       xyPosNoWork12              0040a056     main.obj
 0003:0000005a       xyPosNoWork13              0040a05a     main.obj
 0003:0000005e       xyPosNoWork14              0040a05e     main.obj
 0003:00000062       xyPosNoWork15              0040a062     main.obj
 0003:00000066       xyPosNoWork16              0040a066     main.obj
 0003:0000006a       xyPosNoWork17              0040a06a     main.obj
 0003:0000006e       xyPosNoWork18              0040a06e     main.obj
 0003:00000072       xyPosNoWork19              0040a072     main.obj
 0003:00000076       xyPosNoWork20              0040a076     main.obj
 0003:0000007a       N0                         0040a07a     main.obj
 0003:0000007c       N1                         0040a07c     main.obj
 0003:0000007e       N2                         0040a07e     main.obj
 0003:00000080       N3                         0040a080     main.obj
 0003:00000082       N4                         0040a082     main.obj
 0003:00000084       N5                         0040a084     main.obj
 0003:00000086       N6                         0040a086     main.obj
 0003:00000088       N7                         0040a088     main.obj
 0003:0000008a       N8                         0040a08a     main.obj
 0003:0000008c       N9                         0040a08c     main.obj
 0003:0000008e       N10                        0040a08e     main.obj
 0003:00000090       N11                        0040a090     main.obj
 0003:00000092       N12                        0040a092     main.obj
 0003:00000094       N13                        0040a094     main.obj
 0003:00000096       N14                        0040a096     main.obj
 0003:00000098       N15                        0040a098     main.obj
 0003:0000009a       N16                        0040a09a     main.obj
 0003:0000009c       N17                        0040a09c     main.obj
 0003:0000009e       N18                        0040a09e     main.obj
 0003:000000a0       N19                        0040a0a0     main.obj
 0003:000000a2       N20                        0040a0a2     main.obj
 0003:000000a4       xPosBogy0LevelArr          0040a0a4     main.obj
 0003:000000aa       xPosBogy1LevelArr          0040a0aa     main.obj
 0003:000000b0       xPosBogy2LevelArr          0040a0b0     main.obj
 0003:000000b6       xPosBogy3LevelArr          0040a0b6     main.obj
 0003:000000bc       xPosBogy4LevelArr          0040a0bc     main.obj
 0003:000000c2       xPosBogy5LevelArr          0040a0c2     main.obj
 0003:000000c8       xyPosBogy0                 0040a0c8     main.obj
 0003:000000cc       xyPosBogy1                 0040a0cc     main.obj
 0003:000000d0       xyPosBogy2                 0040a0d0     main.obj
 0003:000000d4       xyPosBogy3                 0040a0d4     main.obj
 0003:000000d8       xyPosBogy4                 0040a0d8     main.obj
 0003:000000dc       xyPosBogy5                 0040a0dc     main.obj
 0003:000000e0       cells_Written              0040a0e0     main.obj
 0003:000000e4       startStr                   0040a0e4     main.obj
 0003:0000036c       startColor                 0040a36c     main.obj
 0003:00000444       enterMsg                   0040a444     main.obj
 0003:00000457       leaveMsg                   0040a457     main.obj
 0003:0000046a       clearMsg                   0040a46a     main.obj
 0003:0000047d       restart                    0040a47d     main.obj
 0003:00000492       nextLevel                  0040a492     main.obj
 0003:000004aa       finalMsg                   0040a4aa     main.obj
 0003:000004dd       finalColor                 0040a4dd     main.obj
 0003:00000541       startTank                  0040a541     main.obj
 0003:000005e9       startTankColor             0040a5e9     main.obj
 0003:00000739       startBogy                  0040a739     main.obj
 0003:0000075c       clearGameBogy              0040a75c     main.obj
 0003:00000764       deadBogy0                  0040a764     main.obj
 0003:000007be       deadBogy01                 0040a7be     main.obj
 0003:00000818       deadBogy02                 0040a818     main.obj
 0003:00000872       deadBogy1                  0040a872     main.obj
 0003:000008cc       deadBogy11                 0040a8cc     main.obj
 0003:00000926       deadBogy2                  0040a926     main.obj
 0003:00000980       startBogyColor             0040a980     main.obj
 0003:000009c6       deadBogyColor0             0040a9c6     main.obj
 0003:000009ea       deadBogyColor1             0040a9ea     main.obj
 0003:00000a0e       deadBogyColor2             0040aa0e     main.obj
 0003:00000a32       gameIntro                  0040aa32     main.obj
 0003:00000e83       gameIntroColor             0040ae83     main.obj
 0003:00000f05       gameTank                   0040af05     main.obj
 0003:00000f1d       clearTank                  0040af1d     main.obj
 0003:00000f35       tankColor                  0040af35     main.obj
 0003:00000f65       tankColorClear             0040af65     main.obj
 0003:00000f95       gameBogy                   0040af95     main.obj
 0003:00000fa4       clearBogy                  0040afa4     main.obj
 0003:00000fb3       gameBogyColor0             0040afb3     main.obj
 0003:00000fd1       gameBogyColor1             0040afd1     main.obj
 0003:00000fef       gameBogyColor2             0040afef     main.obj
 0003:0000100d       bullet                     0040b00d     main.obj
 0003:00001014       clearBullet                0040b014     main.obj
 0003:0000101b       bulletColor                0040b01b     main.obj
 0003:00001027       line                       0040b027     main.obj
 0003:00001029       greenColor                 0040b029     main.obj
 0003:0000102b       level                      0040b02b     main.obj
 0003:00001033       state                      0040b033     main.obj
 0003:0000103b       score                      0040b03b     main.obj
 0003:00001043       lives                      0040b043     main.obj
 0003:0000104b       bogys                      0040b04b     main.obj
 0003:00001053       levelNum                   0040b053     main.obj
 0003:00001055       levelStr                   0040b055     main.obj
 0003:00001059       paused                     0040b059     main.obj
 0003:00001061       playing                    0040b061     main.obj
 0003:00001069       scoreNum                   0040b069     main.obj
 0003:0000106b       scoreNumInLevel            0040b06b     main.obj
 0003:0000106d       scoreStr                   0040b06d     main.obj
 0003:00001071       livesNum                   0040b071     main.obj
 0003:00001073       livesNumInLevel            0040b073     main.obj
 0003:00001075       livesStr                   0040b075     main.obj
 0003:00001079       bogysNum                   0040b079     main.obj
 0003:0000107b       bogysStr                   0040b07b     main.obj
 0003:0000107f       gameBgTB                   0040b07f     main.obj
 0003:000010ee       gameBgM                    0040b0ee     main.obj
 0003:0000115d       winStr                     0040b15d     main.obj
 0003:00001235       winColor                   0040b235     main.obj
 0003:0000127d       loseColor                  0040b27d     main.obj
 0003:000012c5       loseStr                    0040b2c5     main.obj
 0003:00001790       InitFlag                   0040b790     Irvine32:Irvine32.obj
 0003:00001791       xtable                     0040b791     Irvine32:Irvine32.obj
 0003:000017a1       blanks                     0040b7a1     Irvine32:Irvine32.obj
 0003:000019a1       attribs                    0040b9a1     Irvine32:Irvine32.obj
 0003:00001da1       lineLength                 0040bda1     Irvine32:Irvine32.obj
 0003:00001da5       cursorLoc                  0040bda5     Irvine32:Irvine32.obj
 0003:00001da9       count                      0040bda9     Irvine32:Irvine32.obj
 0003:00001dad       ??0002                     0040bdad     Irvine32:Irvine32.obj
 0003:00001db2       dumpPrompt                 0040bdb2     Irvine32:Irvine32.obj
 0003:00001dc4       dashLine                   0040bdc4     Irvine32:Irvine32.obj
 0003:00001de6       ??0003                     0040bde6     Irvine32:Irvine32.obj
 0003:00001de9       ??0004                     0040bde9     Irvine32:Irvine32.obj
 0003:00001deb       ??0005                     0040bdeb     Irvine32:Irvine32.obj
 0003:00001ded       saveIP                     0040bded     Irvine32:Irvine32.obj
 0003:00001df1       saveESP                    0040bdf1     Irvine32:Irvine32.obj
 0003:00001df5       ??0006                     0040bdf5     Irvine32:Irvine32.obj
 0003:00001dfc       ??0007                     0040bdfc     Irvine32:Irvine32.obj
 0003:00001e03       ??0008                     0040be03     Irvine32:Irvine32.obj
 0003:00001e0a       ??0009                     0040be0a     Irvine32:Irvine32.obj
 0003:00001e11       ??000A                     0040be11     Irvine32:Irvine32.obj
 0003:00001e18       ??000B                     0040be18     Irvine32:Irvine32.obj
 0003:00001e1f       ??000C                     0040be1f     Irvine32:Irvine32.obj
 0003:00001e26       ??000D                     0040be26     Irvine32:Irvine32.obj
 0003:00001e2d       ??000E                     0040be2d     Irvine32:Irvine32.obj
 0003:00001e34       ??000F                     0040be34     Irvine32:Irvine32.obj
 0003:00001e3b       ??0010                     0040be3b     Irvine32:Irvine32.obj
 0003:00001e40       ??0011                     0040be40     Irvine32:Irvine32.obj
 0003:00001e42       ??0013                     0040be42     Irvine32:Irvine32.obj
 0003:00001e47       ??0014                     0040be47     Irvine32:Irvine32.obj
 0003:00001e49       ??0016                     0040be49     Irvine32:Irvine32.obj
 0003:00001e4e       ??0017                     0040be4e     Irvine32:Irvine32.obj
 0003:00001e50       ??0019                     0040be50     Irvine32:Irvine32.obj
 0003:00001e55       ??001A                     0040be55     Irvine32:Irvine32.obj
 0003:00001e57       ??001C                     0040be57     Irvine32:Irvine32.obj
 0003:00001e5c       ??001D                     0040be5c     Irvine32:Irvine32.obj
 0003:00001e5e       ??001F                     0040be5e     Irvine32:Irvine32.obj
 0003:00001e63       ??0020                     0040be63     Irvine32:Irvine32.obj
 0003:00001e65       _cursorPosition            0040be65     Irvine32:Irvine32.obj
 0003:00001e69       @zx02abc_def_caption       0040be69     Irvine32:Irvine32.obj
 0003:00001e6b       @zq02abc_def_caption       0040be6b     Irvine32:Irvine32.obj
 0003:00001e6d       overflow_msgL              0040be6d     Irvine32:Irvine32.obj
 0003:00001e88       invalid_msgL               0040be88     Irvine32:Irvine32.obj
 0003:00001e9b       seed                       0040be9b     Irvine32:Irvine32.obj
 0003:00001e9f       xbtable                    0040be9f     Irvine32:Irvine32.obj
 0003:00001eb6       numVal                     0040beb6     Irvine32:Irvine32.obj
 0003:00001eba       charVal                    0040beba     Irvine32:Irvine32.obj
 0003:00001ebb       evBuffer                   0040bebb     Irvine32:Irvine32.obj
 0003:00001ecf       evRepeat                   0040becf     Irvine32:Irvine32.obj
 0003:00001ed1       SpecialCases               0040bed1     Irvine32:Irvine32.obj
 0003:00001f12       _$$temp                    0040bf12     Irvine32:Irvine32.obj
 0003:00001f16       waitmsgstr                 0040bf16     Irvine32:Irvine32.obj
 0003:00001f33       bufferL                    0040bf33     Irvine32:Irvine32.obj
 0003:00001f40       bufferLHB                  0040bf40     Irvine32:Irvine32.obj
 0003:00001f49       buffer_B                   0040bf49     Irvine32:Irvine32.obj
 0003:00001f56       neg_flag                   0040bf56     Irvine32:Irvine32.obj
 0003:00001f57       LblStack                   0040bf57     Irvine32:Irvine32.obj
 0003:00001f64       LblFor                     0040bf64     Irvine32:Irvine32.obj
 0003:00001f69       LblEbp                     0040bf69     Irvine32:Irvine32.obj
 0003:00001f6f       LblParam                   0040bf6f     Irvine32:Irvine32.obj
 0003:00001f7c       LblEbpPtr                  0040bf7c     Irvine32:Irvine32.obj
 0003:00001f92       LblSaved                   0040bf92     Irvine32:Irvine32.obj
 0003:00001fa4       LblLocal                   0040bfa4     Irvine32:Irvine32.obj
 0003:00001fb6       LblReturn                  0040bfb6     Irvine32:Irvine32.obj
 0003:00001fc8       LblEsp                     0040bfc8     Irvine32:Irvine32.obj
 0003:00001fd4       BadStackFrameMsg           0040bfd4     Irvine32:Irvine32.obj
 0003:00001fef       NoName                     0040bfef     Irvine32:Irvine32.obj
 0003:00001ff0       WriteToFile_1              0040bff0     Irvine32:Irvine32.obj
 0003:00001ff4       WriteWindowsMsg_1          0040bff4     Irvine32:Irvine32.obj
 0003:00001ffb       WriteWindowsMsg_2          0040bffb     Irvine32:Irvine32.obj
 0003:00001ffe       pErrorMsg                  0040bffe     Irvine32:Irvine32.obj
 0003:00002002       messageId                  0040c002     Irvine32:Irvine32.obj
 0003:000022c0       consoleInHandle            0040c2c0     Irvine32:Irvine32.obj
 0003:000022c4       consoleOutHandle           0040c2c4     Irvine32:Irvine32.obj
 0003:000022c8       bytesWritten               0040c2c8     Irvine32:Irvine32.obj
 0003:000022cc       eflags                     0040c2cc     Irvine32:Irvine32.obj
 0003:000022d0       digitBuffer                0040c2d0     Irvine32:Irvine32.obj
 0003:00002321       buffer                     0040c321     Irvine32:Irvine32.obj
 0003:00002521       bytesRead                  0040c521     Irvine32:Irvine32.obj
 0003:00002525       sysTime                    0040c525     Irvine32:Irvine32.obj
 0004:00000432       .idata$6                   0040d432     kernel32:KERNEL32.dll
 0004:0000044e       .idata$6                   0040d44e     user32:USER32.dll
 0005:00000170       $R000000                   0040e170     * linker generated manifest res *
