 finalProject

 Timestamp is 639c1f8d (Fri Dec 16 15:34:37 2022)

 Preferred load address is 00400000

 Start         Length     Name                   Class
 0001:00000000 00002670H .text                   CODE
 0001:00002670 00001556H .text$mn                CODE
 0002:00000000 00000144H .rdata                  DATA
 0002:00000143 00000000H .edata                  DATA
 0002:00000144 00000186H .rdata$zzzdbg           DATA
 0003:00000000 000015a0H .data                   DATA
 0003:000015a0 000002f2H .bss                    DATA
 0004:00000000 000000d8H .idata$5                DATA
 0004:000000d8 00000028H .idata$2                DATA
 0004:00000100 00000014H .idata$3                DATA
 0004:00000114 000000d8H .idata$4                DATA
 0004:000001ec 00000347H .idata$6                DATA
 0005:00000000 00000170H .rsrc$01                DATA
 0005:00000170 000002ccH .rsrc$02                DATA

  Address         Publics by Value              Rva+Base       Lib:Object

 0000:00000000       ___AbsoluteZero            00000000     <absolute>
 0000:00000000       ___arm64x_extra_rfe_table  00000000     <absolute>
 0000:00000000       ___arm64x_extra_rfe_table_size 00000000     <absolute>
 0000:00000000       ___arm64x_native_entrypoint 00000000     <absolute>
 0000:00000000       ___arm64x_redirection_metadata 00000000     <absolute>
 0000:00000000       ___arm64x_redirection_metadata_count 00000000     <absolute>
 0000:00000000       ___dynamic_value_reloc_table 00000000     <absolute>
 0000:00000000       ___enclave_config          00000000     <absolute>
 0000:00000000       ___guard_check_icall_a64n_fptr 00000000     <absolute>
 0000:00000000       ___guard_eh_cont_count     00000000     <absolute>
 0000:00000000       ___guard_eh_cont_table     00000000     <absolute>
 0000:00000000       ___guard_fids_count        00000000     <absolute>
 0000:00000000       ___guard_fids_table        00000000     <absolute>
 0000:00000000       ___guard_flags             00000000     <absolute>
 0000:00000000       ___guard_iat_count         00000000     <absolute>
 0000:00000000       ___guard_iat_table         00000000     <absolute>
 0000:00000000       ___guard_longjmp_count     00000000     <absolute>
 0000:00000000       ___guard_longjmp_table     00000000     <absolute>
 0000:00000000       ___hybrid_auxiliary_iat    00000000     <absolute>
 0000:00000000       ___hybrid_auxiliary_iat_copy 00000000     <absolute>
 0000:00000000       ___hybrid_code_map         00000000     <absolute>
 0000:00000000       ___hybrid_code_map_count   00000000     <absolute>
 0000:00000000       ___safe_se_handler_count   00000000     <absolute>
 0000:00000000       ___safe_se_handler_table   00000000     <absolute>
 0000:00000000       ___volatile_metadata       00000000     <absolute>
 0000:00000000       ___x64_code_ranges_to_entry_points 00000000     <absolute>
 0000:00000000       ___x64_code_ranges_to_entry_points_count 00000000     <absolute>
 0001:00000220       _CloseFile@0               00401220 f   Irvine32:Irvine32.obj
 0001:00000227       _Clrscr@0                  00401227 f   Irvine32:Irvine32.obj
 0001:000002ec       _CreateOutputFile@0        004012ec f   Irvine32:Irvine32.obj
 0001:00000305       _Crlf@0                    00401305 f   Irvine32:Irvine32.obj
 0001:00000320       _Delay@0                   00401320 f   Irvine32:Irvine32.obj
 0001:00000329       _DumpMem@0                 00401329 f   Irvine32:Irvine32.obj
 0001:000003e4       _DumpRegs@0                004013e4 f   Irvine32:Irvine32.obj
 0001:000005df       _GetCommandTail@0          004015df f   Irvine32:Irvine32.obj
 0001:0000061c       _GetDateTime@4             0040161c f   Irvine32:Irvine32.obj
 0001:0000064e       _GetMaxXY@0                0040164e f   Irvine32:Irvine32.obj
 0001:0000067d       _GetMseconds@0             0040167d f   Irvine32:Irvine32.obj
 0001:000006da       _GetTextColor@0            004016da f   Irvine32:Irvine32.obj
 0001:00000705       _Gotoxy@0                  00401705 f   Irvine32:Irvine32.obj
 0001:0000075d       _IsDigit@0                 0040175d f   Irvine32:Irvine32.obj
 0001:0000076a       _MsgBox@0                  0040176a f   Irvine32:Irvine32.obj
 0001:00000781       _MsgBoxAsk@0               00401781 f   Irvine32:Irvine32.obj
 0001:000007a0       _OpenInputFile@0           004017a0 f   Irvine32:Irvine32.obj
 0001:000007b9       _ParseDecimal32@0          004017b9 f   Irvine32:Irvine32.obj
 0001:0000081b       _ParseInteger32@0          0040181b f   Irvine32:Irvine32.obj
 0001:000008d6       _Random32@0                004018d6 f   Irvine32:Irvine32.obj
 0001:000008f1       _RandomRange@0             004018f1 f   Irvine32:Irvine32.obj
 0001:00000906       _Randomize@0               00401906 f   Irvine32:Irvine32.obj
 0001:0000091f       _ReadChar@0                0040191f f   Irvine32:Irvine32.obj
 0001:00000935       _ReadDec@0                 00401935 f   Irvine32:Irvine32.obj
 0001:00000950       _ReadFromFile@0            00401950 f   Irvine32:Irvine32.obj
 0001:00000973       _ReadHex@0                 00401973 f   Irvine32:Irvine32.obj
 0001:000009f4       _ReadInt@0                 004019f4 f   Irvine32:Irvine32.obj
 0001:00000a0f       _ReadKey@0                 00401a0f f   Irvine32:Irvine32.obj
 0001:00000b2a       _ReadKeyFlush@0            00401b2a f   Irvine32:Irvine32.obj
 0001:00000bf8       _ReadString@0              00401bf8 f   Irvine32:Irvine32.obj
 0001:00000cb1       _SetTextColor@0            00401cb1 f   Irvine32:Irvine32.obj
 0001:00000cd2       _StrLength@0               00401cd2 f   Irvine32:Irvine32.obj
 0001:00000ce3       _Str_compare@8             00401ce3 f   Irvine32:Irvine32.obj
 0001:00000d0d       _Str_copy@8                00401d0d f   Irvine32:Irvine32.obj
 0001:00000d30       _Str_length@4              00401d30 f   Irvine32:Irvine32.obj
 0001:00000d4a       _Str_trim@8                00401d4a f   Irvine32:Irvine32.obj
 0001:00000d78       _Str_ucase@4               00401d78 f   Irvine32:Irvine32.obj
 0001:00000d9a       _WaitMsg@0                 00401d9a f   Irvine32:Irvine32.obj
 0001:00000dac       _WriteBin@0                00401dac f   Irvine32:Irvine32.obj
 0001:00000db9       _WriteBinB@0               00401db9 f   Irvine32:Irvine32.obj
 0001:00000e0c       _WriteChar@0               00401e0c f   Irvine32:Irvine32.obj
 0001:00000e3e       _WriteDec@0                00401e3e f   Irvine32:Irvine32.obj
 0001:00000e7f       _WriteHex@0                00401e7f f   Irvine32:Irvine32.obj
 0001:00000e8c       _WriteHexB@0               00401e8c f   Irvine32:Irvine32.obj
 0001:00000f1e       _WriteInt@0                00401f1e f   Irvine32:Irvine32.obj
 0001:00000f7f       _WriteStackFrameName@16    00401f7f f   Irvine32:Irvine32.obj
 0001:000010ff       _WriteStackFrame@12        004020ff f   Irvine32:Irvine32.obj
 0001:00001119       _WriteString@0             00402119 f   Irvine32:Irvine32.obj
 0001:00001145       _WriteToFile@0             00402145 f   Irvine32:Irvine32.obj
 0001:0000115a       _WriteWindowsMsg@0         0040215a f   Irvine32:Irvine32.obj
 0001:00002670       _lab1_01@0                 00403670 f   lab1_01.obj
 0001:000027e0       _main@0                    004037e0 f   main.obj
 0001:000027f0       _printBackGround@0         004037f0 f   printBackGround.obj
 0001:00002af9       _GetStdHandle@4            00403af9 f   kernel32:KERNEL32.dll
 0001:00002aff       _WriteConsoleOutputCharacterA@20 00403aff f   kernel32:KERNEL32.dll
 0001:00002b05       _ExitProcess@4             00403b05 f   kernel32:KERNEL32.dll
 0001:00002b0b       _WriteConsoleOutputAttribute@20 00403b0b f   kernel32:KERNEL32.dll
 0001:00002b11       _CloseHandle@4             00403b11 f   kernel32:KERNEL32.dll
 0001:00002b17       _CreateFileA@28            00403b17 f   kernel32:KERNEL32.dll
 0001:00002b1d       _FormatMessageA@28         00403b1d f   kernel32:KERNEL32.dll
 0001:00002b23       _FlushConsoleInputBuffer@4 00403b23 f   kernel32:KERNEL32.dll
 0001:00002b29       _GetCommandLineA@0         00403b29 f   kernel32:KERNEL32.dll
 0001:00002b2f       _GetConsoleMode@8          00403b2f f   kernel32:KERNEL32.dll
 0001:00002b35       _GetConsoleScreenBufferInfo@8 00403b35 f   kernel32:KERNEL32.dll
 0001:00002b3b       _GetLastError@0            00403b3b f   kernel32:KERNEL32.dll
 0001:00002b41       _GetLocalTime@4            00403b41 f   kernel32:KERNEL32.dll
 0001:00002b47       _GetSystemTime@4           00403b47 f   kernel32:KERNEL32.dll
 0001:00002b4d       _LocalFree@4               00403b4d f   kernel32:KERNEL32.dll
 0001:00002b53       _PeekConsoleInputA@16      00403b53 f   kernel32:KERNEL32.dll
 0001:00002b59       _ReadConsoleA@20           00403b59 f   kernel32:KERNEL32.dll
 0001:00002b5f       _ReadConsoleInputA@16      00403b5f f   kernel32:KERNEL32.dll
 0001:00002b65       _ReadFile@20               00403b65 f   kernel32:KERNEL32.dll
 0001:00002b6b       _SetConsoleCursorPosition@8 00403b6b f   kernel32:KERNEL32.dll
 0001:00002b71       _SetConsoleMode@8          00403b71 f   kernel32:KERNEL32.dll
 0001:00002b77       _SetConsoleTextAttribute@8 00403b77 f   kernel32:KERNEL32.dll
 0001:00002b7d       _Sleep@4                   00403b7d f   kernel32:KERNEL32.dll
 0001:00002b83       _SystemTimeToFileTime@8    00403b83 f   kernel32:KERNEL32.dll
 0001:00002b89       _WriteConsoleA@20          00403b89 f   kernel32:KERNEL32.dll
 0001:00002b8f       _WriteFile@20              00403b8f f   kernel32:KERNEL32.dll
 0001:00002b95       _MessageBoxA@16            00403b95 f   user32:USER32.dll
 0004:00000000       __imp__GetStdHandle@4      00408000     kernel32:KERNEL32.dll
 0004:00000004       __imp__WriteConsoleOutputCharacterA@20 00408004     kernel32:KERNEL32.dll
 0004:00000008       __imp__ExitProcess@4       00408008     kernel32:KERNEL32.dll
 0004:0000000c       __imp__WriteConsoleOutputAttribute@20 0040800c     kernel32:KERNEL32.dll
 0004:00000010       __imp__CloseHandle@4       00408010     kernel32:KERNEL32.dll
 0004:00000014       __imp__CreateFileA@28      00408014     kernel32:KERNEL32.dll
 0004:00000018       __imp__FormatMessageA@28   00408018     kernel32:KERNEL32.dll
 0004:0000001c       __imp__FlushConsoleInputBuffer@4 0040801c     kernel32:KERNEL32.dll
 0004:00000020       __imp__GetCommandLineA@0   00408020     kernel32:KERNEL32.dll
 0004:00000024       __imp__GetConsoleMode@8    00408024     kernel32:KERNEL32.dll
 0004:00000028       __imp__GetConsoleScreenBufferInfo@8 00408028     kernel32:KERNEL32.dll
 0004:0000002c       __imp__GetLastError@0      0040802c     kernel32:KERNEL32.dll
 0004:00000030       __imp__GetLocalTime@4      00408030     kernel32:KERNEL32.dll
 0004:00000034       __imp__GetSystemTime@4     00408034     kernel32:KERNEL32.dll
 0004:00000038       __imp__LocalFree@4         00408038     kernel32:KERNEL32.dll
 0004:0000003c       __imp__PeekConsoleInputA@16 0040803c     kernel32:KERNEL32.dll
 0004:00000040       __imp__ReadConsoleA@20     00408040     kernel32:KERNEL32.dll
 0004:00000044       __imp__ReadConsoleInputA@16 00408044     kernel32:KERNEL32.dll
 0004:00000048       __imp__ReadFile@20         00408048     kernel32:KERNEL32.dll
 0004:0000004c       __imp__SetConsoleCursorPosition@8 0040804c     kernel32:KERNEL32.dll
 0004:00000050       __imp__SetConsoleMode@8    00408050     kernel32:KERNEL32.dll
 0004:00000054       __imp__SetConsoleTextAttribute@8 00408054     kernel32:KERNEL32.dll
 0004:00000058       __imp__Sleep@4             00408058     kernel32:KERNEL32.dll
 0004:0000005c       __imp__SystemTimeToFileTime@8 0040805c     kernel32:KERNEL32.dll
 0004:00000060       __imp__WriteConsoleA@20    00408060     kernel32:KERNEL32.dll
 0004:00000064       __imp__WriteFile@20        00408064     kernel32:KERNEL32.dll
 0004:00000068       \177KERNEL32_NULL_THUNK_DATA 00408068     kernel32:KERNEL32.dll
 0004:000000a8       __imp__MessageBoxA@16      004080a8     user32:USER32.dll
 0004:000000ac       \177USER32_NULL_THUNK_DATA 004080ac     user32:USER32.dll
 0004:000000d8       __IMPORT_DESCRIPTOR_KERNEL32 004080d8     kernel32:KERNEL32.dll
 0004:000000ec       __IMPORT_DESCRIPTOR_USER32 004080ec     user32:USER32.dll
 0004:00000100       __NULL_IMPORT_DESCRIPTOR   00408100     kernel32:KERNEL32.dll

 entry point at        0001:0000007d

 Static symbols

 0000:ffff5000       .debug$S                   00400000     kernel32:KERNEL32.dll
 0000:ffff5000       .debug$S                   00400000     kernel32:KERNEL32.dll
 0000:ffff5000       .debug$S                   00400000     kernel32:KERNEL32.dll
 0000:ffff5000       .debug$S                   00400000     kernel32:KERNEL32.dll
 0000:ffff5000       .debug$S                   00400000     kernel32:KERNEL32.dll
 0000:ffff5000       .debug$S                   00400000     kernel32:KERNEL32.dll
 0000:ffff5000       .debug$S                   00400000     kernel32:KERNEL32.dll
 0000:ffff5000       .debug$S                   00400000     kernel32:KERNEL32.dll
 0000:ffff5000       .debug$S                   00400000     kernel32:KERNEL32.dll
 0000:ffff5000       .debug$S                   00400000     kernel32:KERNEL32.dll
 0000:ffff5000       .debug$S                   00400000     kernel32:KERNEL32.dll
 0000:ffff5000       .debug$S                   00400000     kernel32:KERNEL32.dll
 0000:ffff5000       .debug$S                   00400000     kernel32:KERNEL32.dll
 0000:ffff5000       .debug$S                   00400000     kernel32:KERNEL32.dll
 0000:ffff5000       .debug$S                   00400000     kernel32:KERNEL32.dll
 0000:ffff5000       .debug$S                   00400000     kernel32:KERNEL32.dll
 0000:ffff5000       .debug$S                   00400000     kernel32:KERNEL32.dll
 0000:ffff5000       .debug$S                   00400000     kernel32:KERNEL32.dll
 0000:ffff5000       .debug$S                   00400000     kernel32:KERNEL32.dll
 0000:ffff5000       .debug$S                   00400000     kernel32:KERNEL32.dll
 0000:ffff5000       .debug$S                   00400000     kernel32:KERNEL32.dll
 0000:ffff5000       .debug$S                   00400000     kernel32:KERNEL32.dll
 0000:ffff5000       .debug$S                   00400000     kernel32:KERNEL32.dll
 0000:ffff5000       .debug$S                   00400000     kernel32:KERNEL32.dll
 0000:ffff5000       .debug$S                   00400000     kernel32:KERNEL32.dll
 0000:ffff5000       .debug$S                   00400000     kernel32:KERNEL32.dll
 0000:ffff5000       .debug$S                   00400000     user32:USER32.dll
 0001:00000614       _scan_for_quote@0          00401614 f   Irvine32:Irvine32.obj
 0001:0000073b       _Initialize@0              0040173b f   Irvine32:Irvine32.obj
 0001:00000b3f       _ReadKeyTranslate@0        00401b3f f   Irvine32:Irvine32.obj
 0001:000011b5       _AsciiDigit@0              004021b5 f   Irvine32:Irvine32.obj
 0001:000011be       _HexByte@0                 004021be f   Irvine32:Irvine32.obj
 0001:00002670       $$000000                   00403670     lab1_01.obj
 0001:000027e0       $$000000                   004037e0     main.obj
 0001:000027f0       $$000000                   004037f0     printBackGround.obj
 0003:00000000       dot                        00406000     lab1_01.obj
 0003:00000001       space                      00406001     lab1_01.obj
 0003:00000002       outputHandle               00406002     lab1_01.obj
 0003:00000006       bytesWritten               00406006     lab1_01.obj
 0003:0000000a       count                      0040600a     lab1_01.obj
 0003:0000000e       xyPosition                 0040600e     lab1_01.obj
 0003:00000012       xyPosition2                00406012     lab1_01.obj
 0003:00000016       xyPosition3                00406016     lab1_01.obj
 0003:0000001a       xyPosition4                0040601a     lab1_01.obj
 0003:0000001e       cellsWritten               0040601e     lab1_01.obj
 0003:00000030       boxTop                     00406030     printBackGround.obj
 0003:000000e4       boxTop2                    004060e4     printBackGround.obj
 0003:00000198       boxBody                    00406198     printBackGround.obj
 0003:0000024c       boxBody2                   0040624c     printBackGround.obj
 0003:00000300       boxBottom2                 00406300     printBackGround.obj
 0003:000003b4       boxBottom                  004063b4     printBackGround.obj
 0003:00000468       outputHandle               00406468     printBackGround.obj
 0003:0000046c       bytesWritten               0040646c     printBackGround.obj
 0003:00000470       count                      00406470     printBackGround.obj
 0003:00000474       xyPosition                 00406474     printBackGround.obj
 0003:00000478       cellsWritten               00406478     printBackGround.obj
 0003:0000047c       attributes0                0040647c     printBackGround.obj
 0003:000005e4       attributes1                004065e4     printBackGround.obj
 0003:0000074c       attributes2                0040674c     printBackGround.obj
 0003:00000a70       InitFlag                   00406a70     Irvine32:Irvine32.obj
 0003:00000a71       xtable                     00406a71     Irvine32:Irvine32.obj
 0003:00000a81       blanks                     00406a81     Irvine32:Irvine32.obj
 0003:00000c81       attribs                    00406c81     Irvine32:Irvine32.obj
 0003:00001081       lineLength                 00407081     Irvine32:Irvine32.obj
 0003:00001085       cursorLoc                  00407085     Irvine32:Irvine32.obj
 0003:00001089       count                      00407089     Irvine32:Irvine32.obj
 0003:0000108d       ??0002                     0040708d     Irvine32:Irvine32.obj
 0003:00001092       dumpPrompt                 00407092     Irvine32:Irvine32.obj
 0003:000010a4       dashLine                   004070a4     Irvine32:Irvine32.obj
 0003:000010c6       ??0003                     004070c6     Irvine32:Irvine32.obj
 0003:000010c9       ??0004                     004070c9     Irvine32:Irvine32.obj
 0003:000010cb       ??0005                     004070cb     Irvine32:Irvine32.obj
 0003:000010cd       saveIP                     004070cd     Irvine32:Irvine32.obj
 0003:000010d1       saveESP                    004070d1     Irvine32:Irvine32.obj
 0003:000010d5       ??0006                     004070d5     Irvine32:Irvine32.obj
 0003:000010dc       ??0007                     004070dc     Irvine32:Irvine32.obj
 0003:000010e3       ??0008                     004070e3     Irvine32:Irvine32.obj
 0003:000010ea       ??0009                     004070ea     Irvine32:Irvine32.obj
 0003:000010f1       ??000A                     004070f1     Irvine32:Irvine32.obj
 0003:000010f8       ??000B                     004070f8     Irvine32:Irvine32.obj
 0003:000010ff       ??000C                     004070ff     Irvine32:Irvine32.obj
 0003:00001106       ??000D                     00407106     Irvine32:Irvine32.obj
 0003:0000110d       ??000E                     0040710d     Irvine32:Irvine32.obj
 0003:00001114       ??000F                     00407114     Irvine32:Irvine32.obj
 0003:0000111b       ??0010                     0040711b     Irvine32:Irvine32.obj
 0003:00001120       ??0011                     00407120     Irvine32:Irvine32.obj
 0003:00001122       ??0013                     00407122     Irvine32:Irvine32.obj
 0003:00001127       ??0014                     00407127     Irvine32:Irvine32.obj
 0003:00001129       ??0016                     00407129     Irvine32:Irvine32.obj
 0003:0000112e       ??0017                     0040712e     Irvine32:Irvine32.obj
 0003:00001130       ??0019                     00407130     Irvine32:Irvine32.obj
 0003:00001135       ??001A                     00407135     Irvine32:Irvine32.obj
 0003:00001137       ??001C                     00407137     Irvine32:Irvine32.obj
 0003:0000113c       ??001D                     0040713c     Irvine32:Irvine32.obj
 0003:0000113e       ??001F                     0040713e     Irvine32:Irvine32.obj
 0003:00001143       ??0020                     00407143     Irvine32:Irvine32.obj
 0003:00001145       _cursorPosition            00407145     Irvine32:Irvine32.obj
 0003:00001149       @zx02abc_def_caption       00407149     Irvine32:Irvine32.obj
 0003:0000114b       @zq02abc_def_caption       0040714b     Irvine32:Irvine32.obj
 0003:0000114d       overflow_msgL              0040714d     Irvine32:Irvine32.obj
 0003:00001168       invalid_msgL               00407168     Irvine32:Irvine32.obj
 0003:0000117b       seed                       0040717b     Irvine32:Irvine32.obj
 0003:0000117f       xbtable                    0040717f     Irvine32:Irvine32.obj
 0003:00001196       numVal                     00407196     Irvine32:Irvine32.obj
 0003:0000119a       charVal                    0040719a     Irvine32:Irvine32.obj
 0003:0000119b       evBuffer                   0040719b     Irvine32:Irvine32.obj
 0003:000011af       evRepeat                   004071af     Irvine32:Irvine32.obj
 0003:000011b1       SpecialCases               004071b1     Irvine32:Irvine32.obj
 0003:000011f2       _$$temp                    004071f2     Irvine32:Irvine32.obj
 0003:000011f6       waitmsgstr                 004071f6     Irvine32:Irvine32.obj
 0003:00001213       bufferL                    00407213     Irvine32:Irvine32.obj
 0003:00001220       bufferLHB                  00407220     Irvine32:Irvine32.obj
 0003:00001229       buffer_B                   00407229     Irvine32:Irvine32.obj
 0003:00001236       neg_flag                   00407236     Irvine32:Irvine32.obj
 0003:00001237       LblStack                   00407237     Irvine32:Irvine32.obj
 0003:00001244       LblFor                     00407244     Irvine32:Irvine32.obj
 0003:00001249       LblEbp                     00407249     Irvine32:Irvine32.obj
 0003:0000124f       LblParam                   0040724f     Irvine32:Irvine32.obj
 0003:0000125c       LblEbpPtr                  0040725c     Irvine32:Irvine32.obj
 0003:00001272       LblSaved                   00407272     Irvine32:Irvine32.obj
 0003:00001284       LblLocal                   00407284     Irvine32:Irvine32.obj
 0003:00001296       LblReturn                  00407296     Irvine32:Irvine32.obj
 0003:000012a8       LblEsp                     004072a8     Irvine32:Irvine32.obj
 0003:000012b4       BadStackFrameMsg           004072b4     Irvine32:Irvine32.obj
 0003:000012cf       NoName                     004072cf     Irvine32:Irvine32.obj
 0003:000012d0       WriteToFile_1              004072d0     Irvine32:Irvine32.obj
 0003:000012d4       WriteWindowsMsg_1          004072d4     Irvine32:Irvine32.obj
 0003:000012db       WriteWindowsMsg_2          004072db     Irvine32:Irvine32.obj
 0003:000012de       pErrorMsg                  004072de     Irvine32:Irvine32.obj
 0003:000012e2       messageId                  004072e2     Irvine32:Irvine32.obj
 0003:000015a0       consoleInHandle            004075a0     Irvine32:Irvine32.obj
 0003:000015a4       consoleOutHandle           004075a4     Irvine32:Irvine32.obj
 0003:000015a8       bytesWritten               004075a8     Irvine32:Irvine32.obj
 0003:000015ac       eflags                     004075ac     Irvine32:Irvine32.obj
 0003:000015b0       digitBuffer                004075b0     Irvine32:Irvine32.obj
 0003:00001601       buffer                     00407601     Irvine32:Irvine32.obj
 0003:00001801       bytesRead                  00407801     Irvine32:Irvine32.obj
 0003:00001805       sysTime                    00407805     Irvine32:Irvine32.obj
 0004:000003d6       .idata$6                   004083d6     kernel32:KERNEL32.dll
 0004:000003f2       .idata$6                   004083f2     user32:USER32.dll
 0005:00000170       $R000000                   00409170     * linker generated manifest res *
