 finalProjectProMax

 Timestamp is 63a35bb4 (Thu Dec 22 03:17:08 2022)

 Preferred load address is 00400000

 Start         Length     Name                   Class
 0001:00000000 00002700H .text                   CODE
 0001:00002700 00002326H .text$mn                CODE
 0002:00000000 00000144H .rdata                  DATA
 0002:00000143 00000000H .edata                  DATA
 0002:00000144 0000019eH .rdata$zzzdbg           DATA
 0003:00000000 00001d40H .data                   DATA
 0003:00001d40 000002f2H .bss                    DATA
 0004:00000000 000000e4H .idata$5                DATA
 0004:000000e4 00000028H .idata$2                DATA
 0004:0000010c 00000014H .idata$3                DATA
 0004:00000120 000000e4H .idata$4                DATA
 0004:00000204 00000391H .idata$6                DATA
 0005:00000000 00000170H .rsrc$01                DATA
 0005:00000170 000002ccH .rsrc$02                DATA

  Address         Publics by Value              Rva+Base       Lib:Object

 0000:00000000       ___AbsoluteZero            00000000     <absolute>
 0000:00000000       ___arm64x_extra_rfe_table  00000000     <absolute>
 0000:00000000       ___arm64x_extra_rfe_table_size 00000000     <absolute>
 0000:00000000       ___arm64x_native_entrypoint 00000000     <absolute>
 0000:00000000       ___arm64x_redirection_metadata 00000000     <absolute>
 0000:00000000       ___arm64x_redirection_metadata_count 00000000     <absolute>
 0000:00000000       ___dynamic_value_reloc_table 00000000     <absolute>
 0000:00000000       ___enclave_config          00000000     <absolute>
 0000:00000000       ___guard_check_icall_a64n_fptr 00000000     <absolute>
 0000:00000000       ___guard_eh_cont_count     00000000     <absolute>
 0000:00000000       ___guard_eh_cont_table     00000000     <absolute>
 0000:00000000       ___guard_fids_count        00000000     <absolute>
 0000:00000000       ___guard_fids_table        00000000     <absolute>
 0000:00000000       ___guard_flags             00000000     <absolute>
 0000:00000000       ___guard_iat_count         00000000     <absolute>
 0000:00000000       ___guard_iat_table         00000000     <absolute>
 0000:00000000       ___guard_longjmp_count     00000000     <absolute>
 0000:00000000       ___guard_longjmp_table     00000000     <absolute>
 0000:00000000       ___hybrid_auxiliary_iat    00000000     <absolute>
 0000:00000000       ___hybrid_auxiliary_iat_copy 00000000     <absolute>
 0000:00000000       ___hybrid_code_map         00000000     <absolute>
 0000:00000000       ___hybrid_code_map_count   00000000     <absolute>
 0000:00000000       ___safe_se_handler_count   00000000     <absolute>
 0000:00000000       ___safe_se_handler_table   00000000     <absolute>
 0000:00000000       ___volatile_metadata       00000000     <absolute>
 0000:00000000       ___x64_code_ranges_to_entry_points 00000000     <absolute>
 0000:00000000       ___x64_code_ranges_to_entry_points_count 00000000     <absolute>
 0001:00000290       _CloseFile@0               00401290 f   Irvine32:Irvine32.obj
 0001:00000297       _Clrscr@0                  00401297 f   Irvine32:Irvine32.obj
 0001:0000035c       _CreateOutputFile@0        0040135c f   Irvine32:Irvine32.obj
 0001:00000375       _Crlf@0                    00401375 f   Irvine32:Irvine32.obj
 0001:00000390       _Delay@0                   00401390 f   Irvine32:Irvine32.obj
 0001:00000399       _DumpMem@0                 00401399 f   Irvine32:Irvine32.obj
 0001:00000454       _DumpRegs@0                00401454 f   Irvine32:Irvine32.obj
 0001:0000064f       _GetCommandTail@0          0040164f f   Irvine32:Irvine32.obj
 0001:0000068c       _GetDateTime@4             0040168c f   Irvine32:Irvine32.obj
 0001:000006be       _GetMaxXY@0                004016be f   Irvine32:Irvine32.obj
 0001:000006ed       _GetMseconds@0             004016ed f   Irvine32:Irvine32.obj
 0001:0000074a       _GetTextColor@0            0040174a f   Irvine32:Irvine32.obj
 0001:00000775       _Gotoxy@0                  00401775 f   Irvine32:Irvine32.obj
 0001:000007cd       _IsDigit@0                 004017cd f   Irvine32:Irvine32.obj
 0001:000007da       _MsgBox@0                  004017da f   Irvine32:Irvine32.obj
 0001:000007f1       _MsgBoxAsk@0               004017f1 f   Irvine32:Irvine32.obj
 0001:00000810       _OpenInputFile@0           00401810 f   Irvine32:Irvine32.obj
 0001:00000829       _ParseDecimal32@0          00401829 f   Irvine32:Irvine32.obj
 0001:0000088b       _ParseInteger32@0          0040188b f   Irvine32:Irvine32.obj
 0001:00000946       _Random32@0                00401946 f   Irvine32:Irvine32.obj
 0001:00000961       _RandomRange@0             00401961 f   Irvine32:Irvine32.obj
 0001:00000976       _Randomize@0               00401976 f   Irvine32:Irvine32.obj
 0001:0000098f       _ReadChar@0                0040198f f   Irvine32:Irvine32.obj
 0001:000009a5       _ReadDec@0                 004019a5 f   Irvine32:Irvine32.obj
 0001:000009c0       _ReadFromFile@0            004019c0 f   Irvine32:Irvine32.obj
 0001:000009e3       _ReadHex@0                 004019e3 f   Irvine32:Irvine32.obj
 0001:00000a64       _ReadInt@0                 00401a64 f   Irvine32:Irvine32.obj
 0001:00000a7f       _ReadKey@0                 00401a7f f   Irvine32:Irvine32.obj
 0001:00000b9a       _ReadKeyFlush@0            00401b9a f   Irvine32:Irvine32.obj
 0001:00000c68       _ReadString@0              00401c68 f   Irvine32:Irvine32.obj
 0001:00000d21       _SetTextColor@0            00401d21 f   Irvine32:Irvine32.obj
 0001:00000d42       _StrLength@0               00401d42 f   Irvine32:Irvine32.obj
 0001:00000d53       _Str_compare@8             00401d53 f   Irvine32:Irvine32.obj
 0001:00000d7d       _Str_copy@8                00401d7d f   Irvine32:Irvine32.obj
 0001:00000da0       _Str_length@4              00401da0 f   Irvine32:Irvine32.obj
 0001:00000dba       _Str_trim@8                00401dba f   Irvine32:Irvine32.obj
 0001:00000de8       _Str_ucase@4               00401de8 f   Irvine32:Irvine32.obj
 0001:00000e0a       _WaitMsg@0                 00401e0a f   Irvine32:Irvine32.obj
 0001:00000e1c       _WriteBin@0                00401e1c f   Irvine32:Irvine32.obj
 0001:00000e29       _WriteBinB@0               00401e29 f   Irvine32:Irvine32.obj
 0001:00000e7c       _WriteChar@0               00401e7c f   Irvine32:Irvine32.obj
 0001:00000eae       _WriteDec@0                00401eae f   Irvine32:Irvine32.obj
 0001:00000eef       _WriteHex@0                00401eef f   Irvine32:Irvine32.obj
 0001:00000efc       _WriteHexB@0               00401efc f   Irvine32:Irvine32.obj
 0001:00000f8e       _WriteInt@0                00401f8e f   Irvine32:Irvine32.obj
 0001:00000fef       _WriteStackFrameName@16    00401fef f   Irvine32:Irvine32.obj
 0001:0000116f       _WriteStackFrame@12        0040216f f   Irvine32:Irvine32.obj
 0001:00001189       _WriteString@0             00402189 f   Irvine32:Irvine32.obj
 0001:000011b5       _WriteToFile@0             004021b5 f   Irvine32:Irvine32.obj
 0001:000011ca       _WriteWindowsMsg@0         004021ca f   Irvine32:Irvine32.obj
 0001:00002700       _main@0                    00403700 f   mian.obj
 0001:00002a7d       _printStartScene@0         00403a7d f   mian.obj
 0001:00002d2b       _printEnd@0                00403d2b f   mian.obj
 0001:00003020       _printGameStage@0          00404020 f   mian.obj
 0001:000030a8       _printBar@0                004040a8 f   mian.obj
 0001:00003226       _initialLevel@0            00404226 f   mian.obj
 0001:0000331a       _printGreenLine@4          0040431a f   mian.obj
 0001:00003373       _printBogy@4               00404373 f   mian.obj
 0001:00003424       _bogyClear@4               00404424 f   mian.obj
 0001:0000345c       _printTank@4               0040445c f   mian.obj
 0001:000034ae       _tankClear@4               004044ae f   mian.obj
 0001:000034e6       _printBullet@4             004044e6 f   mian.obj
 0001:00003521       _bulletClear@4             00404521 f   mian.obj
 0001:00003542       _printNum@12               00404542 f   mian.obj
 0001:00003574       _decToStr@8                00404574 f   mian.obj
 0001:00003945       _ExitProcess@4             00404945 f   kernel32:KERNEL32.dll
 0001:0000394b       _GetStdHandle@4            0040494b f   kernel32:KERNEL32.dll
 0001:00003951       _SetConsoleCursorInfo@8    00404951 f   kernel32:KERNEL32.dll
 0001:00003957       _SetConsoleTitleA@4        00404957 f   kernel32:KERNEL32.dll
 0001:0000395d       _SetConsoleWindowInfo@12   0040495d f   kernel32:KERNEL32.dll
 0001:00003963       _WriteConsoleOutputCharacterA@20 00404963 f   kernel32:KERNEL32.dll
 0001:00003969       _WriteConsoleOutputAttribute@20 00404969 f   kernel32:KERNEL32.dll
 0001:0000396f       _CloseHandle@4             0040496f f   kernel32:KERNEL32.dll
 0001:00003975       _CreateFileA@28            00404975 f   kernel32:KERNEL32.dll
 0001:0000397b       _FormatMessageA@28         0040497b f   kernel32:KERNEL32.dll
 0001:00003981       _FlushConsoleInputBuffer@4 00404981 f   kernel32:KERNEL32.dll
 0001:00003987       _GetCommandLineA@0         00404987 f   kernel32:KERNEL32.dll
 0001:0000398d       _GetConsoleMode@8          0040498d f   kernel32:KERNEL32.dll
 0001:00003993       _GetConsoleScreenBufferInfo@8 00404993 f   kernel32:KERNEL32.dll
 0001:00003999       _GetLastError@0            00404999 f   kernel32:KERNEL32.dll
 0001:0000399f       _GetLocalTime@4            0040499f f   kernel32:KERNEL32.dll
 0001:000039a5       _GetSystemTime@4           004049a5 f   kernel32:KERNEL32.dll
 0001:000039ab       _LocalFree@4               004049ab f   kernel32:KERNEL32.dll
 0001:000039b1       _PeekConsoleInputA@16      004049b1 f   kernel32:KERNEL32.dll
 0001:000039b7       _ReadConsoleA@20           004049b7 f   kernel32:KERNEL32.dll
 0001:000039bd       _ReadConsoleInputA@16      004049bd f   kernel32:KERNEL32.dll
 0001:000039c3       _ReadFile@20               004049c3 f   kernel32:KERNEL32.dll
 0001:000039c9       _SetConsoleCursorPosition@8 004049c9 f   kernel32:KERNEL32.dll
 0001:000039cf       _SetConsoleMode@8          004049cf f   kernel32:KERNEL32.dll
 0001:000039d5       _SetConsoleTextAttribute@8 004049d5 f   kernel32:KERNEL32.dll
 0001:000039db       _Sleep@4                   004049db f   kernel32:KERNEL32.dll
 0001:000039e1       _SystemTimeToFileTime@8    004049e1 f   kernel32:KERNEL32.dll
 0001:000039e7       _WriteConsoleA@20          004049e7 f   kernel32:KERNEL32.dll
 0001:000039ed       _WriteFile@20              004049ed f   kernel32:KERNEL32.dll
 0001:000039f3       _MessageBoxA@16            004049f3 f   user32:USER32.dll
 0004:00000000       __imp__ExitProcess@4       0040a000     kernel32:KERNEL32.dll
 0004:00000004       __imp__GetStdHandle@4      0040a004     kernel32:KERNEL32.dll
 0004:00000008       __imp__SetConsoleCursorInfo@8 0040a008     kernel32:KERNEL32.dll
 0004:0000000c       __imp__SetConsoleTitleA@4  0040a00c     kernel32:KERNEL32.dll
 0004:00000010       __imp__SetConsoleWindowInfo@12 0040a010     kernel32:KERNEL32.dll
 0004:00000014       __imp__WriteConsoleOutputCharacterA@20 0040a014     kernel32:KERNEL32.dll
 0004:00000018       __imp__WriteConsoleOutputAttribute@20 0040a018     kernel32:KERNEL32.dll
 0004:0000001c       __imp__CloseHandle@4       0040a01c     kernel32:KERNEL32.dll
 0004:00000020       __imp__CreateFileA@28      0040a020     kernel32:KERNEL32.dll
 0004:00000024       __imp__FormatMessageA@28   0040a024     kernel32:KERNEL32.dll
 0004:00000028       __imp__FlushConsoleInputBuffer@4 0040a028     kernel32:KERNEL32.dll
 0004:0000002c       __imp__GetCommandLineA@0   0040a02c     kernel32:KERNEL32.dll
 0004:00000030       __imp__GetConsoleMode@8    0040a030     kernel32:KERNEL32.dll
 0004:00000034       __imp__GetConsoleScreenBufferInfo@8 0040a034     kernel32:KERNEL32.dll
 0004:00000038       __imp__GetLastError@0      0040a038     kernel32:KERNEL32.dll
 0004:0000003c       __imp__GetLocalTime@4      0040a03c     kernel32:KERNEL32.dll
 0004:00000040       __imp__GetSystemTime@4     0040a040     kernel32:KERNEL32.dll
 0004:00000044       __imp__LocalFree@4         0040a044     kernel32:KERNEL32.dll
 0004:00000048       __imp__PeekConsoleInputA@16 0040a048     kernel32:KERNEL32.dll
 0004:0000004c       __imp__ReadConsoleA@20     0040a04c     kernel32:KERNEL32.dll
 0004:00000050       __imp__ReadConsoleInputA@16 0040a050     kernel32:KERNEL32.dll
 0004:00000054       __imp__ReadFile@20         0040a054     kernel32:KERNEL32.dll
 0004:00000058       __imp__SetConsoleCursorPosition@8 0040a058     kernel32:KERNEL32.dll
 0004:0000005c       __imp__SetConsoleMode@8    0040a05c     kernel32:KERNEL32.dll
 0004:00000060       __imp__SetConsoleTextAttribute@8 0040a060     kernel32:KERNEL32.dll
 0004:00000064       __imp__Sleep@4             0040a064     kernel32:KERNEL32.dll
 0004:00000068       __imp__SystemTimeToFileTime@8 0040a068     kernel32:KERNEL32.dll
 0004:0000006c       __imp__WriteConsoleA@20    0040a06c     kernel32:KERNEL32.dll
 0004:00000070       __imp__WriteFile@20        0040a070     kernel32:KERNEL32.dll
 0004:00000074       \177KERNEL32_NULL_THUNK_DATA 0040a074     kernel32:KERNEL32.dll
 0004:000000b4       __imp__MessageBoxA@16      0040a0b4     user32:USER32.dll
 0004:000000b8       \177USER32_NULL_THUNK_DATA 0040a0b8     user32:USER32.dll
 0004:000000e4       __IMPORT_DESCRIPTOR_KERNEL32 0040a0e4     kernel32:KERNEL32.dll
 0004:000000f8       __IMPORT_DESCRIPTOR_USER32 0040a0f8     user32:USER32.dll
 0004:0000010c       __NULL_IMPORT_DESCRIPTOR   0040a10c     kernel32:KERNEL32.dll

 entry point at        0001:000000cd

 Static symbols

 0000:ffff3000       .debug$S                   00400000     kernel32:KERNEL32.dll
 0000:ffff3000       .debug$S                   00400000     kernel32:KERNEL32.dll
 0000:ffff3000       .debug$S                   00400000     kernel32:KERNEL32.dll
 0000:ffff3000       .debug$S                   00400000     kernel32:KERNEL32.dll
 0000:ffff3000       .debug$S                   00400000     kernel32:KERNEL32.dll
 0000:ffff3000       .debug$S                   00400000     kernel32:KERNEL32.dll
 0000:ffff3000       .debug$S                   00400000     kernel32:KERNEL32.dll
 0000:ffff3000       .debug$S                   00400000     kernel32:KERNEL32.dll
 0000:ffff3000       .debug$S                   00400000     kernel32:KERNEL32.dll
 0000:ffff3000       .debug$S                   00400000     kernel32:KERNEL32.dll
 0000:ffff3000       .debug$S                   00400000     kernel32:KERNEL32.dll
 0000:ffff3000       .debug$S                   00400000     kernel32:KERNEL32.dll
 0000:ffff3000       .debug$S                   00400000     kernel32:KERNEL32.dll
 0000:ffff3000       .debug$S                   00400000     kernel32:KERNEL32.dll
 0000:ffff3000       .debug$S                   00400000     kernel32:KERNEL32.dll
 0000:ffff3000       .debug$S                   00400000     kernel32:KERNEL32.dll
 0000:ffff3000       .debug$S                   00400000     kernel32:KERNEL32.dll
 0000:ffff3000       .debug$S                   00400000     kernel32:KERNEL32.dll
 0000:ffff3000       .debug$S                   00400000     kernel32:KERNEL32.dll
 0000:ffff3000       .debug$S                   00400000     kernel32:KERNEL32.dll
 0000:ffff3000       .debug$S                   00400000     kernel32:KERNEL32.dll
 0000:ffff3000       .debug$S                   00400000     kernel32:KERNEL32.dll
 0000:ffff3000       .debug$S                   00400000     kernel32:KERNEL32.dll
 0000:ffff3000       .debug$S                   00400000     kernel32:KERNEL32.dll
 0000:ffff3000       .debug$S                   00400000     kernel32:KERNEL32.dll
 0000:ffff3000       .debug$S                   00400000     kernel32:KERNEL32.dll
 0000:ffff3000       .debug$S                   00400000     kernel32:KERNEL32.dll
 0000:ffff3000       .debug$S                   00400000     kernel32:KERNEL32.dll
 0000:ffff3000       .debug$S                   00400000     kernel32:KERNEL32.dll
 0000:ffff3000       .debug$S                   00400000     user32:USER32.dll
 0001:00000684       _scan_for_quote@0          00401684 f   Irvine32:Irvine32.obj
 0001:000007ab       _Initialize@0              004017ab f   Irvine32:Irvine32.obj
 0001:00000baf       _ReadKeyTranslate@0        00401baf f   Irvine32:Irvine32.obj
 0001:00001225       _AsciiDigit@0              00402225 f   Irvine32:Irvine32.obj
 0001:0000122e       _HexByte@0                 0040222e f   Irvine32:Irvine32.obj
 0001:00002700       $$000000                   00403700     mian.obj
 0003:00000000       consoleHandle              00407000     mian.obj
 0003:00000004       cells_Written              00407004     mian.obj
 0003:00000008       windowTitleStr             00407008     mian.obj
 0003:0000001a       windowBound                0040701a     mian.obj
 0003:00000022       xyPos                      00407022     mian.obj
 0003:00000026       xyPosTank                  00407026     mian.obj
 0003:0000002a       xPos15                     0040702a     mian.obj
 0003:0000002c       xyPosBullet                0040702c     mian.obj
 0003:00000080       bulletIsWork               00407080     mian.obj
 0003:000000a8       xyPosBogy                  004070a8     mian.obj
 0003:000000c0       xPosBogyLevel1             004070c0     mian.obj
 0003:000000cc       xPosBogyLevel2             004070cc     mian.obj
 0003:000000d8       xPosBogyLevel3             004070d8     mian.obj
 0003:000000e4       xPosBogyLevel4             004070e4     mian.obj
 0003:000000f0       xPosBogyLevel5             004070f0     mian.obj
 0003:000000fc       startStr                   004070fc     mian.obj
 0003:00000384       startColor                 00407384     mian.obj
 0003:0000045c       startTank                  0040745c     mian.obj
 0003:00000504       startTankColor             00407504     mian.obj
 0003:00000534       startBogy                  00407534     mian.obj
 0003:00000557       startBogyColor             00407557     mian.obj
 0003:00000565       gameIntro                  00407565     mian.obj
 0003:000009b6       gameIntroColor             004079b6     mian.obj
 0003:00000a38       enterMsg                   00407a38     mian.obj
 0003:00000a4b       leaveMsg                   00407a4b     mian.obj
 0003:00000a5e       restart                    00407a5e     mian.obj
 0003:00000a73       nextLevel                  00407a73     mian.obj
 0003:00000a8b       finalMsg                   00407a8b     mian.obj
 0003:00000abe       finalColor                 00407abe     mian.obj
 0003:00000b22       gameTank                   00407b22     mian.obj
 0003:00000b3a       clearTank                  00407b3a     mian.obj
 0003:00000b42       tankColor                  00407b42     mian.obj
 0003:00000b52       gameBogy                   00407b52     mian.obj
 0003:00000b61       clearBogy                  00407b61     mian.obj
 0003:00000b66       gameBogyColor              00407b66     mian.obj
 0003:00000b84       bullet                     00407b84     mian.obj
 0003:00000b8b       clearBullet                00407b8b     mian.obj
 0003:00000b91       bulletColor                00407b91     mian.obj
 0003:00000b9d       line                       00407b9d     mian.obj
 0003:00000b9f       greenColor                 00407b9f     mian.obj
 0003:00000ba1       level                      00407ba1     mian.obj
 0003:00000ba9       state                      00407ba9     mian.obj
 0003:00000bb1       score                      00407bb1     mian.obj
 0003:00000bb9       lives                      00407bb9     mian.obj
 0003:00000bc1       bogys                      00407bc1     mian.obj
 0003:00000bc9       numStr                     00407bc9     mian.obj
 0003:00000bcd       paused                     00407bcd     mian.obj
 0003:00000bd5       playing                    00407bd5     mian.obj
 0003:00000bdd       scoreNumInLevel            00407bdd     mian.obj
 0003:00000bdf       livesNumInLevel            00407bdf     mian.obj
 0003:00000be1       levelNum                   00407be1     mian.obj
 0003:00000be3       scoreNum                   00407be3     mian.obj
 0003:00000be5       livesNum                   00407be5     mian.obj
 0003:00000be7       bogysNum                   00407be7     mian.obj
 0003:00000be9       gameBgTB                   00407be9     mian.obj
 0003:00000c58       gameBgM                    00407c58     mian.obj
 0003:00000cc7       winStr                     00407cc7     mian.obj
 0003:00000d9f       winColor                   00407d9f     mian.obj
 0003:00000de7       loseStr                    00407de7     mian.obj
 0003:00000ebf       loseColor                  00407ebf     mian.obj
 0003:00001210       InitFlag                   00408210     Irvine32:Irvine32.obj
 0003:00001211       xtable                     00408211     Irvine32:Irvine32.obj
 0003:00001221       blanks                     00408221     Irvine32:Irvine32.obj
 0003:00001421       attribs                    00408421     Irvine32:Irvine32.obj
 0003:00001821       lineLength                 00408821     Irvine32:Irvine32.obj
 0003:00001825       cursorLoc                  00408825     Irvine32:Irvine32.obj
 0003:00001829       count                      00408829     Irvine32:Irvine32.obj
 0003:0000182d       ??0002                     0040882d     Irvine32:Irvine32.obj
 0003:00001832       dumpPrompt                 00408832     Irvine32:Irvine32.obj
 0003:00001844       dashLine                   00408844     Irvine32:Irvine32.obj
 0003:00001866       ??0003                     00408866     Irvine32:Irvine32.obj
 0003:00001869       ??0004                     00408869     Irvine32:Irvine32.obj
 0003:0000186b       ??0005                     0040886b     Irvine32:Irvine32.obj
 0003:0000186d       saveIP                     0040886d     Irvine32:Irvine32.obj
 0003:00001871       saveESP                    00408871     Irvine32:Irvine32.obj
 0003:00001875       ??0006                     00408875     Irvine32:Irvine32.obj
 0003:0000187c       ??0007                     0040887c     Irvine32:Irvine32.obj
 0003:00001883       ??0008                     00408883     Irvine32:Irvine32.obj
 0003:0000188a       ??0009                     0040888a     Irvine32:Irvine32.obj
 0003:00001891       ??000A                     00408891     Irvine32:Irvine32.obj
 0003:00001898       ??000B                     00408898     Irvine32:Irvine32.obj
 0003:0000189f       ??000C                     0040889f     Irvine32:Irvine32.obj
 0003:000018a6       ??000D                     004088a6     Irvine32:Irvine32.obj
 0003:000018ad       ??000E                     004088ad     Irvine32:Irvine32.obj
 0003:000018b4       ??000F                     004088b4     Irvine32:Irvine32.obj
 0003:000018bb       ??0010                     004088bb     Irvine32:Irvine32.obj
 0003:000018c0       ??0011                     004088c0     Irvine32:Irvine32.obj
 0003:000018c2       ??0013                     004088c2     Irvine32:Irvine32.obj
 0003:000018c7       ??0014                     004088c7     Irvine32:Irvine32.obj
 0003:000018c9       ??0016                     004088c9     Irvine32:Irvine32.obj
 0003:000018ce       ??0017                     004088ce     Irvine32:Irvine32.obj
 0003:000018d0       ??0019                     004088d0     Irvine32:Irvine32.obj
 0003:000018d5       ??001A                     004088d5     Irvine32:Irvine32.obj
 0003:000018d7       ??001C                     004088d7     Irvine32:Irvine32.obj
 0003:000018dc       ??001D                     004088dc     Irvine32:Irvine32.obj
 0003:000018de       ??001F                     004088de     Irvine32:Irvine32.obj
 0003:000018e3       ??0020                     004088e3     Irvine32:Irvine32.obj
 0003:000018e5       _cursorPosition            004088e5     Irvine32:Irvine32.obj
 0003:000018e9       @zx02abc_def_caption       004088e9     Irvine32:Irvine32.obj
 0003:000018eb       @zq02abc_def_caption       004088eb     Irvine32:Irvine32.obj
 0003:000018ed       overflow_msgL              004088ed     Irvine32:Irvine32.obj
 0003:00001908       invalid_msgL               00408908     Irvine32:Irvine32.obj
 0003:0000191b       seed                       0040891b     Irvine32:Irvine32.obj
 0003:0000191f       xbtable                    0040891f     Irvine32:Irvine32.obj
 0003:00001936       numVal                     00408936     Irvine32:Irvine32.obj
 0003:0000193a       charVal                    0040893a     Irvine32:Irvine32.obj
 0003:0000193b       evBuffer                   0040893b     Irvine32:Irvine32.obj
 0003:0000194f       evRepeat                   0040894f     Irvine32:Irvine32.obj
 0003:00001951       SpecialCases               00408951     Irvine32:Irvine32.obj
 0003:00001992       _$$temp                    00408992     Irvine32:Irvine32.obj
 0003:00001996       waitmsgstr                 00408996     Irvine32:Irvine32.obj
 0003:000019b3       bufferL                    004089b3     Irvine32:Irvine32.obj
 0003:000019c0       bufferLHB                  004089c0     Irvine32:Irvine32.obj
 0003:000019c9       buffer_B                   004089c9     Irvine32:Irvine32.obj
 0003:000019d6       neg_flag                   004089d6     Irvine32:Irvine32.obj
 0003:000019d7       LblStack                   004089d7     Irvine32:Irvine32.obj
 0003:000019e4       LblFor                     004089e4     Irvine32:Irvine32.obj
 0003:000019e9       LblEbp                     004089e9     Irvine32:Irvine32.obj
 0003:000019ef       LblParam                   004089ef     Irvine32:Irvine32.obj
 0003:000019fc       LblEbpPtr                  004089fc     Irvine32:Irvine32.obj
 0003:00001a12       LblSaved                   00408a12     Irvine32:Irvine32.obj
 0003:00001a24       LblLocal                   00408a24     Irvine32:Irvine32.obj
 0003:00001a36       LblReturn                  00408a36     Irvine32:Irvine32.obj
 0003:00001a48       LblEsp                     00408a48     Irvine32:Irvine32.obj
 0003:00001a54       BadStackFrameMsg           00408a54     Irvine32:Irvine32.obj
 0003:00001a6f       NoName                     00408a6f     Irvine32:Irvine32.obj
 0003:00001a70       WriteToFile_1              00408a70     Irvine32:Irvine32.obj
 0003:00001a74       WriteWindowsMsg_1          00408a74     Irvine32:Irvine32.obj
 0003:00001a7b       WriteWindowsMsg_2          00408a7b     Irvine32:Irvine32.obj
 0003:00001a7e       pErrorMsg                  00408a7e     Irvine32:Irvine32.obj
 0003:00001a82       messageId                  00408a82     Irvine32:Irvine32.obj
 0003:00001d40       consoleInHandle            00408d40     Irvine32:Irvine32.obj
 0003:00001d44       consoleOutHandle           00408d44     Irvine32:Irvine32.obj
 0003:00001d48       bytesWritten               00408d48     Irvine32:Irvine32.obj
 0003:00001d4c       eflags                     00408d4c     Irvine32:Irvine32.obj
 0003:00001d50       digitBuffer                00408d50     Irvine32:Irvine32.obj
 0003:00001da1       buffer                     00408da1     Irvine32:Irvine32.obj
 0003:00001fa1       bytesRead                  00408fa1     Irvine32:Irvine32.obj
 0003:00001fa5       sysTime                    00408fa5     Irvine32:Irvine32.obj
 0004:00000432       .idata$6                   0040a432     kernel32:KERNEL32.dll
 0004:0000044e       .idata$6                   0040a44e     user32:USER32.dll
 0005:00000170       $R000000                   0040b170     * linker generated manifest res *
